┌──────────────────────────────────────────────────────────────────────────────┐
│                         APHERIS OpenFold3 Prediction                         │
│                      Run OpenFold3 prediction pipeline                       │
└──────────────────────────────────────────────────────────────────────────────┘
Set OpenFold3 flavor to of3ob based on weights file                             
/app/weights/of3-ob-2025-06-30-174k.pt                                          
df: /tmp/.triton: No such file or directory
/app/.pixi/envs/openfold3-image/lib/python3.11/site-packages/torch/jit/_script.py:1488: DeprecationWarning: `torch.jit.script` is deprecated. Please switch to `torch.compile` or `torch.export`.
  warnings.warn(
Reading input queries                                                           
Paired 1/3 entities with an MSA for query 'H4_D1_coactivator_agonist_HC2'       
Read 1 queries from /in/query.json                                              
Reading config                                                                  
Seed set to 42
Creating data module                                                            
Seed set to 42
Creating inference module                                                       
Creating trainer                                                                
GPU available: True (cuda), used: True
TPU available: False, using: 0 TPU cores
Seed set to 42
Loading weights                                                                 
Seed set to 42
Run prediction                                                                  
LOCAL_RANK: 0 - CUDA_VISIBLE_DEVICES: [0]
Seeding DataModule DatasetMode.prediction generator with 42                     
/app/.pixi/envs/openfold3-image/lib/python3.11/site-packages/pytorch_lightning/utilities/_pytree.py:21: `isinstance(treespec, LeafSpec)` is deprecated, use `isinstance(treespec, TreeSpec) and treespec.is_leaf()` instead.
/app/.pixi/envs/openfold3-image/lib/python3.11/site-packages/pytorch_lightning/trainer/connectors/data_connector.py:434: The 'predict_dataloader' does not have many workers which may be a bottleneck. Consider increasing the value of the `num_workers` argument` to `num_workers=15` in the `DataLoader` to improve performance.
/app/.pixi/envs/openfold3-image/lib/python3.11/site-packages/openfold-3-openbind/openfold3/core/data/io/sequence/msa.py:462: UserWarning: Expected MSA file for chain B of type PROTEIN in query H4_D1_coactivator_agonist_HC2, but no MSA files found. No MSA features will be computed for this chain.
  maps = self.create_maps(input=input)
Predicting query 'H4_D1_coactivator_agonist_HC2' with 2119 atom(s), 284         
token(s), 3 chain(s), 0 MSA(s) (0 paired), 0 template(s)                        
Seed set to 42
Tuning chunk size...                                                            
Tuning chunk size...                                                            
Tuning chunk size...                                                            
Tuning chunk size...                                                            
Writing predicted structure to                                                  
/out/H4_D1_coactivator_agonist_HC2/seed_42/H4_D1_coactivator_agonist_HC2_seed_42
_sample_1_model.cif                                                             
Writing predicted structure to                                                  
/out/H4_D1_coactivator_agonist_HC2/seed_42/H4_D1_coactivator_agonist_HC2_seed_42
_sample_2_model.cif                                                             
Writing predicted structure to                                                  
/out/H4_D1_coactivator_agonist_HC2/seed_42/H4_D1_coactivator_agonist_HC2_seed_42
_sample_3_model.cif                                                             
Writing predicted structure to                                                  
/out/H4_D1_coactivator_agonist_HC2/seed_42/H4_D1_coactivator_agonist_HC2_seed_42
_sample_4_model.cif                                                             
Writing predicted structure to                                                  
/out/H4_D1_coactivator_agonist_HC2/seed_42/H4_D1_coactivator_agonist_HC2_seed_42
_sample_5_model.cif                                                             
Writing predicted structure to                                                  
/out/H4_D1_coactivator_agonist_HC2/seed_42/H4_D1_coactivator_agonist_HC2_seed_42
_sample_6_model.cif                                                             
Writing predicted structure to                                                  
/out/H4_D1_coactivator_agonist_HC2/seed_42/H4_D1_coactivator_agonist_HC2_seed_42
_sample_7_model.cif                                                             
Writing predicted structure to                                                  
/out/H4_D1_coactivator_agonist_HC2/seed_42/H4_D1_coactivator_agonist_HC2_seed_42
_sample_8_model.cif                                                             
Writing predicted structure to                                                  
/out/H4_D1_coactivator_agonist_HC2/seed_42/H4_D1_coactivator_agonist_HC2_seed_42
_sample_9_model.cif                                                             
Writing predicted structure to                                                  
/out/H4_D1_coactivator_agonist_HC2/seed_42/H4_D1_coactivator_agonist_HC2_seed_42
_sample_10_model.cif                                                            
/app/.pixi/envs/openfold3-image/lib/python3.11/site-packages/openfold-3-openbind/openfold3/core/data/io/sequence/msa.py:462: UserWarning: Expected MSA file for chain B of type PROTEIN in query H4_D1_coactivator_agonist_HC2, but no MSA files found. No MSA features will be computed for this chain.
  maps = self.create_maps(input=input)
Predicting query 'H4_D1_coactivator_agonist_HC2' with 2119 atom(s), 284         
token(s), 3 chain(s), 0 MSA(s) (0 paired), 0 template(s)                        
Seed set to 43
Writing predicted structure to                                                  
/out/H4_D1_coactivator_agonist_HC2/seed_43/H4_D1_coactivator_agonist_HC2_seed_43
_sample_1_model.cif                                                             
Writing predicted structure to                                                  
/out/H4_D1_coactivator_agonist_HC2/seed_43/H4_D1_coactivator_agonist_HC2_seed_43
_sample_2_model.cif                                                             
Writing predicted structure to                                                  
/out/H4_D1_coactivator_agonist_HC2/seed_43/H4_D1_coactivator_agonist_HC2_seed_43
_sample_3_model.cif                                                             
Writing predicted structure to                                                  
/out/H4_D1_coactivator_agonist_HC2/seed_43/H4_D1_coactivator_agonist_HC2_seed_43
_sample_4_model.cif                                                             
Writing predicted structure to                                                  
/out/H4_D1_coactivator_agonist_HC2/seed_43/H4_D1_coactivator_agonist_HC2_seed_43
_sample_5_model.cif                                                             
Writing predicted structure to                                                  
/out/H4_D1_coactivator_agonist_HC2/seed_43/H4_D1_coactivator_agonist_HC2_seed_43
_sample_6_model.cif                                                             
Writing predicted structure to                                                  
/out/H4_D1_coactivator_agonist_HC2/seed_43/H4_D1_coactivator_agonist_HC2_seed_43
_sample_7_model.cif                                                             
Writing predicted structure to                                                  
/out/H4_D1_coactivator_agonist_HC2/seed_43/H4_D1_coactivator_agonist_HC2_seed_43
_sample_8_model.cif                                                             
Writing predicted structure to                                                  
/out/H4_D1_coactivator_agonist_HC2/seed_43/H4_D1_coactivator_agonist_HC2_seed_43
_sample_9_model.cif                                                             
Writing predicted structure to                                                  
/out/H4_D1_coactivator_agonist_HC2/seed_43/H4_D1_coactivator_agonist_HC2_seed_43
_sample_10_model.cif                                                            
Predicting query 'H4_D1_coactivator_agonist_HC2' with 2119 atom(s), 284         
token(s), 3 chain(s), 0 MSA(s) (0 paired), 0 template(s)                        
Seed set to 44
Writing predicted structure to                                                  
/out/H4_D1_coactivator_agonist_HC2/seed_44/H4_D1_coactivator_agonist_HC2_seed_44
_sample_1_model.cif                                                             
Writing predicted structure to                                                  
/out/H4_D1_coactivator_agonist_HC2/seed_44/H4_D1_coactivator_agonist_HC2_seed_44
_sample_2_model.cif                                                             
Writing predicted structure to                                                  
/out/H4_D1_coactivator_agonist_HC2/seed_44/H4_D1_coactivator_agonist_HC2_seed_44
_sample_3_model.cif                                                             
Writing predicted structure to                                                  
/out/H4_D1_coactivator_agonist_HC2/seed_44/H4_D1_coactivator_agonist_HC2_seed_44
_sample_4_model.cif                                                             
Writing predicted structure to                                                  
/out/H4_D1_coactivator_agonist_HC2/seed_44/H4_D1_coactivator_agonist_HC2_seed_44
_sample_5_model.cif                                                             
Writing predicted structure to                                                  
/out/H4_D1_coactivator_agonist_HC2/seed_44/H4_D1_coactivator_agonist_HC2_seed_44
_sample_6_model.cif                                                             
Writing predicted structure to                                                  
/out/H4_D1_coactivator_agonist_HC2/seed_44/H4_D1_coactivator_agonist_HC2_seed_44
_sample_7_model.cif                                                             
Writing predicted structure to                                                  
/out/H4_D1_coactivator_agonist_HC2/seed_44/H4_D1_coactivator_agonist_HC2_seed_44
_sample_8_model.cif                                                             
Writing predicted structure to                                                  
/out/H4_D1_coactivator_agonist_HC2/seed_44/H4_D1_coactivator_agonist_HC2_seed_44
_sample_9_model.cif                                                             
Writing predicted structure to                                                  
/out/H4_D1_coactivator_agonist_HC2/seed_44/H4_D1_coactivator_agonist_HC2_seed_44
_sample_10_model.cif                                                            
Predicting query 'H4_D1_coactivator_agonist_HC2' with 2119 atom(s), 284         
token(s), 3 chain(s), 0 MSA(s) (0 paired), 0 template(s)                        
Seed set to 45
Writing predicted structure to                                                  
/out/H4_D1_coactivator_agonist_HC2/seed_45/H4_D1_coactivator_agonist_HC2_seed_45
_sample_1_model.cif                                                             
Writing predicted structure to                                                  
/out/H4_D1_coactivator_agonist_HC2/seed_45/H4_D1_coactivator_agonist_HC2_seed_45
_sample_2_model.cif                                                             
Writing predicted structure to                                                  
/out/H4_D1_coactivator_agonist_HC2/seed_45/H4_D1_coactivator_agonist_HC2_seed_45
_sample_3_model.cif                                                             
Writing predicted structure to                                                  
/out/H4_D1_coactivator_agonist_HC2/seed_45/H4_D1_coactivator_agonist_HC2_seed_45
_sample_4_model.cif                                                             
Writing predicted structure to                                                  
/out/H4_D1_coactivator_agonist_HC2/seed_45/H4_D1_coactivator_agonist_HC2_seed_45
_sample_5_model.cif                                                             
Writing predicted structure to                                                  
/out/H4_D1_coactivator_agonist_HC2/seed_45/H4_D1_coactivator_agonist_HC2_seed_45
_sample_6_model.cif                                                             
Writing predicted structure to                                                  
/out/H4_D1_coactivator_agonist_HC2/seed_45/H4_D1_coactivator_agonist_HC2_seed_45
_sample_7_model.cif                                                             
Writing predicted structure to                                                  
/out/H4_D1_coactivator_agonist_HC2/seed_45/H4_D1_coactivator_agonist_HC2_seed_45
_sample_8_model.cif                                                             
Writing predicted structure to                                                  
/out/H4_D1_coactivator_agonist_HC2/seed_45/H4_D1_coactivator_agonist_HC2_seed_45
_sample_9_model.cif                                                             
Writing predicted structure to                                                  
/out/H4_D1_coactivator_agonist_HC2/seed_45/H4_D1_coactivator_agonist_HC2_seed_45
_sample_10_model.cif                                                            
Predicting query 'H4_D1_coactivator_agonist_HC2' with 2119 atom(s), 284         
token(s), 3 chain(s), 0 MSA(s) (0 paired), 0 template(s)                        
Seed set to 46
Writing predicted structure to                                                  
/out/H4_D1_coactivator_agonist_HC2/seed_46/H4_D1_coactivator_agonist_HC2_seed_46
_sample_1_model.cif                                                             
Writing predicted structure to                                                  
/out/H4_D1_coactivator_agonist_HC2/seed_46/H4_D1_coactivator_agonist_HC2_seed_46
_sample_2_model.cif                                                             
Writing predicted structure to                                                  
/out/H4_D1_coactivator_agonist_HC2/seed_46/H4_D1_coactivator_agonist_HC2_seed_46
_sample_3_model.cif                                                             
Writing predicted structure to                                                  
/out/H4_D1_coactivator_agonist_HC2/seed_46/H4_D1_coactivator_agonist_HC2_seed_46
_sample_4_model.cif                                                             
Writing predicted structure to                                                  
/out/H4_D1_coactivator_agonist_HC2/seed_46/H4_D1_coactivator_agonist_HC2_seed_46
_sample_5_model.cif                                                             
Writing predicted structure to                                                  
/out/H4_D1_coactivator_agonist_HC2/seed_46/H4_D1_coactivator_agonist_HC2_seed_46
_sample_6_model.cif                                                             
Writing predicted structure to                                                  
/out/H4_D1_coactivator_agonist_HC2/seed_46/H4_D1_coactivator_agonist_HC2_seed_46
_sample_7_model.cif                                                             
Writing predicted structure to                                                  
/out/H4_D1_coactivator_agonist_HC2/seed_46/H4_D1_coactivator_agonist_HC2_seed_46
_sample_8_model.cif                                                             
Writing predicted structure to                                                  
/out/H4_D1_coactivator_agonist_HC2/seed_46/H4_D1_coactivator_agonist_HC2_seed_46
_sample_9_model.cif                                                             
Writing predicted structure to                                                  
/out/H4_D1_coactivator_agonist_HC2/seed_46/H4_D1_coactivator_agonist_HC2_seed_46
_sample_10_model.cif                                                            
Prediction summary: 5/5 queries succeeded (0 failed)                            
Predicting ━━━━━━━━━━━━━━━━━━━━━━━━━━━━━━━━━━━━ 5/5 0:00:57 • 0:00:00 0.10it/s 
/app/.pixi/envs/openfold3-image/lib/python3.11/tempfile.py:934: ResourceWarning: Implicitly cleaning up <TemporaryDirectory '/tmp/apheris-openfold3-msas-run_f5gi'>
  _warnings.warn(warn_message, ResourceWarning)
