== full MSA already present, skipping fetch ==
full MSA: /home/lyceum/h2/msa_full/msa_input_chain_A.a3m  (2020 sequences)
  depth 2048 -> /home/lyceum/h2/msa_2048/msa_input_chain_A.a3m (2020 sequences incl. query)
  depth 512 -> /home/lyceum/h2/msa_512/msa_input_chain_A.a3m (513 sequences incl. query)
  depth 128 -> /home/lyceum/h2/msa_128/msa_input_chain_A.a3m (129 sequences incl. query)
  depth 32 -> /home/lyceum/h2/msa_32/msa_input_chain_A.a3m (33 sequences incl. query)
  depth 8 -> /home/lyceum/h2/msa_8/msa_input_chain_A.a3m (9 sequences incl. query)

== launching 5 jobs, seeds [42,43,44,45,46], 10 diffusion samples each ==
-- depth 2048 >= full MSA depth (2020 sequences); skipping, would duplicate the full-MSA endpoint
-- depth 512  (13:49:32Z)
┌──────────────────────────────────────────────────────────────────────────────┐
│                         APHERIS OpenFold3 Prediction                         │
│                      Run OpenFold3 prediction pipeline                       │
└──────────────────────────────────────────────────────────────────────────────┘
Set OpenFold3 flavor to of3ob based on weights file                             
/app/weights/of3-ob-2025-06-30-174k.pt                                          
df: /tmp/.triton: No such file or directory
/app/.pixi/envs/openfold3-image/lib/python3.11/site-packages/torch/jit/_script.py:1488: DeprecationWarning: `torch.jit.script` is deprecated. Please switch to `torch.compile` or `torch.export`.
  warnings.warn(
Reading input queries                                                           
Paired 1/2 entities with an MSA for query 'H2_msa_titration'                    
Read 1 queries from /in/query.json                                              
Reading config                                                                  
Seed set to 42
Creating data module                                                            
Seed set to 42
Creating inference module                                                       
Creating trainer                                                                
GPU available: True (cuda), used: True
TPU available: False, using: 0 TPU cores
Seed set to 42
Loading weights                                                                 
Seed set to 42
Run prediction                                                                  
LOCAL_RANK: 0 - CUDA_VISIBLE_DEVICES: [0]
Seeding DataModule DatasetMode.prediction generator with 42                     
/app/.pixi/envs/openfold3-image/lib/python3.11/site-packages/pytorch_lightning/utilities/_pytree.py:21: `isinstance(treespec, LeafSpec)` is deprecated, use `isinstance(treespec, TreeSpec) and treespec.is_leaf()` instead.
/app/.pixi/envs/openfold3-image/lib/python3.11/site-packages/pytorch_lightning/trainer/connectors/data_connector.py:434: The 'predict_dataloader' does not have many workers which may be a bottleneck. Consider increasing the value of the `num_workers` argument` to `num_workers=15` in the `DataLoader` to improve performance.
Predicting query 'H2_msa_titration' with 2017 atom(s), 274 token(s), 2 chain(s),
503 MSA(s) (0 paired), 0 template(s)                                            
Seed set to 42
Tuning chunk size...                                                            
Tuning chunk size...                                                            
Tuning chunk size...                                                            
Tuning chunk size...                                                            
Writing predicted structure to                                                  
/out/H2_msa_titration/seed_42/H2_msa_titration_seed_42_sample_1_model.cif       
Writing predicted structure to                                                  
/out/H2_msa_titration/seed_42/H2_msa_titration_seed_42_sample_2_model.cif       
Writing predicted structure to                                                  
/out/H2_msa_titration/seed_42/H2_msa_titration_seed_42_sample_3_model.cif       
Writing predicted structure to                                                  
/out/H2_msa_titration/seed_42/H2_msa_titration_seed_42_sample_4_model.cif       
Writing predicted structure to                                                  
/out/H2_msa_titration/seed_42/H2_msa_titration_seed_42_sample_5_model.cif       
Writing predicted structure to                                                  
/out/H2_msa_titration/seed_42/H2_msa_titration_seed_42_sample_6_model.cif       
Writing predicted structure to                                                  
/out/H2_msa_titration/seed_42/H2_msa_titration_seed_42_sample_7_model.cif       
Writing predicted structure to                                                  
/out/H2_msa_titration/seed_42/H2_msa_titration_seed_42_sample_8_model.cif       
Writing predicted structure to                                                  
/out/H2_msa_titration/seed_42/H2_msa_titration_seed_42_sample_9_model.cif       
Writing predicted structure to                                                  
/out/H2_msa_titration/seed_42/H2_msa_titration_seed_42_sample_10_model.cif      
Predicting query 'H2_msa_titration' with 2017 atom(s), 274 token(s), 2 chain(s),
503 MSA(s) (0 paired), 0 template(s)                                            
Seed set to 43
Writing predicted structure to                                                  
/out/H2_msa_titration/seed_43/H2_msa_titration_seed_43_sample_1_model.cif       
Writing predicted structure to                                                  
/out/H2_msa_titration/seed_43/H2_msa_titration_seed_43_sample_2_model.cif       
Writing predicted structure to                                                  
/out/H2_msa_titration/seed_43/H2_msa_titration_seed_43_sample_3_model.cif       
Writing predicted structure to                                                  
/out/H2_msa_titration/seed_43/H2_msa_titration_seed_43_sample_4_model.cif       
Writing predicted structure to                                                  
/out/H2_msa_titration/seed_43/H2_msa_titration_seed_43_sample_5_model.cif       
Writing predicted structure to                                                  
/out/H2_msa_titration/seed_43/H2_msa_titration_seed_43_sample_6_model.cif       
Writing predicted structure to                                                  
/out/H2_msa_titration/seed_43/H2_msa_titration_seed_43_sample_7_model.cif       
Writing predicted structure to                                                  
/out/H2_msa_titration/seed_43/H2_msa_titration_seed_43_sample_8_model.cif       
Writing predicted structure to                                                  
/out/H2_msa_titration/seed_43/H2_msa_titration_seed_43_sample_9_model.cif       
Writing predicted structure to                                                  
/out/H2_msa_titration/seed_43/H2_msa_titration_seed_43_sample_10_model.cif      
Predicting query 'H2_msa_titration' with 2017 atom(s), 274 token(s), 2 chain(s),
503 MSA(s) (0 paired), 0 template(s)                                            
Seed set to 44
Writing predicted structure to                                                  
/out/H2_msa_titration/seed_44/H2_msa_titration_seed_44_sample_1_model.cif       
Writing predicted structure to                                                  
/out/H2_msa_titration/seed_44/H2_msa_titration_seed_44_sample_2_model.cif       
Writing predicted structure to                                                  
/out/H2_msa_titration/seed_44/H2_msa_titration_seed_44_sample_3_model.cif       
Writing predicted structure to                                                  
/out/H2_msa_titration/seed_44/H2_msa_titration_seed_44_sample_4_model.cif       
Writing predicted structure to                                                  
/out/H2_msa_titration/seed_44/H2_msa_titration_seed_44_sample_5_model.cif       
Writing predicted structure to                                                  
/out/H2_msa_titration/seed_44/H2_msa_titration_seed_44_sample_6_model.cif       
Writing predicted structure to                                                  
/out/H2_msa_titration/seed_44/H2_msa_titration_seed_44_sample_7_model.cif       
Writing predicted structure to                                                  
/out/H2_msa_titration/seed_44/H2_msa_titration_seed_44_sample_8_model.cif       
Writing predicted structure to                                                  
/out/H2_msa_titration/seed_44/H2_msa_titration_seed_44_sample_9_model.cif       
Writing predicted structure to                                                  
/out/H2_msa_titration/seed_44/H2_msa_titration_seed_44_sample_10_model.cif      
Predicting query 'H2_msa_titration' with 2017 atom(s), 274 token(s), 2 chain(s),
503 MSA(s) (0 paired), 0 template(s)                                            
Seed set to 45
Writing predicted structure to                                                  
/out/H2_msa_titration/seed_45/H2_msa_titration_seed_45_sample_1_model.cif       
Writing predicted structure to                                                  
/out/H2_msa_titration/seed_45/H2_msa_titration_seed_45_sample_2_model.cif       
Writing predicted structure to                                                  
/out/H2_msa_titration/seed_45/H2_msa_titration_seed_45_sample_3_model.cif       
Writing predicted structure to                                                  
/out/H2_msa_titration/seed_45/H2_msa_titration_seed_45_sample_4_model.cif       
Writing predicted structure to                                                  
/out/H2_msa_titration/seed_45/H2_msa_titration_seed_45_sample_5_model.cif       
Writing predicted structure to                                                  
/out/H2_msa_titration/seed_45/H2_msa_titration_seed_45_sample_6_model.cif       
Writing predicted structure to                                                  
/out/H2_msa_titration/seed_45/H2_msa_titration_seed_45_sample_7_model.cif       
Writing predicted structure to                                                  
/out/H2_msa_titration/seed_45/H2_msa_titration_seed_45_sample_8_model.cif       
Writing predicted structure to                                                  
/out/H2_msa_titration/seed_45/H2_msa_titration_seed_45_sample_9_model.cif       
Writing predicted structure to                                                  
/out/H2_msa_titration/seed_45/H2_msa_titration_seed_45_sample_10_model.cif      
Predicting query 'H2_msa_titration' with 2017 atom(s), 274 token(s), 2 chain(s),
503 MSA(s) (0 paired), 0 template(s)                                            
Seed set to 46
Writing predicted structure to                                                  
/out/H2_msa_titration/seed_46/H2_msa_titration_seed_46_sample_1_model.cif       
Writing predicted structure to                                                  
/out/H2_msa_titration/seed_46/H2_msa_titration_seed_46_sample_2_model.cif       
Writing predicted structure to                                                  
/out/H2_msa_titration/seed_46/H2_msa_titration_seed_46_sample_3_model.cif       
Writing predicted structure to                                                  
/out/H2_msa_titration/seed_46/H2_msa_titration_seed_46_sample_4_model.cif       
Writing predicted structure to                                                  
/out/H2_msa_titration/seed_46/H2_msa_titration_seed_46_sample_5_model.cif       
Writing predicted structure to                                                  
/out/H2_msa_titration/seed_46/H2_msa_titration_seed_46_sample_6_model.cif       
Writing predicted structure to                                                  
/out/H2_msa_titration/seed_46/H2_msa_titration_seed_46_sample_7_model.cif       
Writing predicted structure to                                                  
/out/H2_msa_titration/seed_46/H2_msa_titration_seed_46_sample_8_model.cif       
Writing predicted structure to                                                  
/out/H2_msa_titration/seed_46/H2_msa_titration_seed_46_sample_9_model.cif       
Writing predicted structure to                                                  
/out/H2_msa_titration/seed_46/H2_msa_titration_seed_46_sample_10_model.cif      
Prediction summary: 5/5 queries succeeded (0 failed)                            
Predicting ━━━━━━━━━━━━━━━━━━━━━━━━━━━━━━━━━━━━ 5/5 0:00:55 • 0:00:00 0.10it/s 
/app/.pixi/envs/openfold3-image/lib/python3.11/tempfile.py:934: ResourceWarning: Implicitly cleaning up <TemporaryDirectory '/tmp/apheris-openfold3-msas-_wefuk4g'>
  _warnings.warn(warn_message, ResourceWarning)
   done 13:50:44Z  -> /home/lyceum/h2/out/depth_512
-- depth 128  (13:50:44Z)
┌──────────────────────────────────────────────────────────────────────────────┐
│                         APHERIS OpenFold3 Prediction                         │
│                      Run OpenFold3 prediction pipeline                       │
└──────────────────────────────────────────────────────────────────────────────┘
Set OpenFold3 flavor to of3ob based on weights file                             
/app/weights/of3-ob-2025-06-30-174k.pt                                          
df: /tmp/.triton: No such file or directory
/app/.pixi/envs/openfold3-image/lib/python3.11/site-packages/torch/jit/_script.py:1488: DeprecationWarning: `torch.jit.script` is deprecated. Please switch to `torch.compile` or `torch.export`.
  warnings.warn(
Reading input queries                                                           
Paired 1/2 entities with an MSA for query 'H2_msa_titration'                    
Read 1 queries from /in/query.json                                              
Reading config                                                                  
Seed set to 42
Creating data module                                                            
Seed set to 42
Creating inference module                                                       
Creating trainer                                                                
GPU available: True (cuda), used: True
TPU available: False, using: 0 TPU cores
Seed set to 42
Loading weights                                                                 
Seed set to 42
Run prediction                                                                  
LOCAL_RANK: 0 - CUDA_VISIBLE_DEVICES: [0]
Seeding DataModule DatasetMode.prediction generator with 42                     
/app/.pixi/envs/openfold3-image/lib/python3.11/site-packages/pytorch_lightning/utilities/_pytree.py:21: `isinstance(treespec, LeafSpec)` is deprecated, use `isinstance(treespec, TreeSpec) and treespec.is_leaf()` instead.
/app/.pixi/envs/openfold3-image/lib/python3.11/site-packages/pytorch_lightning/trainer/connectors/data_connector.py:434: The 'predict_dataloader' does not have many workers which may be a bottleneck. Consider increasing the value of the `num_workers` argument` to `num_workers=15` in the `DataLoader` to improve performance.
Predicting query 'H2_msa_titration' with 2017 atom(s), 274 token(s), 2 chain(s),
120 MSA(s) (0 paired), 0 template(s)                                            
Seed set to 42
Tuning chunk size...                                                            
Tuning chunk size...                                                            
Tuning chunk size...                                                            
Tuning chunk size...                                                            
Writing predicted structure to                                                  
/out/H2_msa_titration/seed_42/H2_msa_titration_seed_42_sample_1_model.cif       
Writing predicted structure to                                                  
/out/H2_msa_titration/seed_42/H2_msa_titration_seed_42_sample_2_model.cif       
Writing predicted structure to                                                  
/out/H2_msa_titration/seed_42/H2_msa_titration_seed_42_sample_3_model.cif       
Writing predicted structure to                                                  
/out/H2_msa_titration/seed_42/H2_msa_titration_seed_42_sample_4_model.cif       
Writing predicted structure to                                                  
/out/H2_msa_titration/seed_42/H2_msa_titration_seed_42_sample_5_model.cif       
Writing predicted structure to                                                  
/out/H2_msa_titration/seed_42/H2_msa_titration_seed_42_sample_6_model.cif       
Writing predicted structure to                                                  
/out/H2_msa_titration/seed_42/H2_msa_titration_seed_42_sample_7_model.cif       
Writing predicted structure to                                                  
/out/H2_msa_titration/seed_42/H2_msa_titration_seed_42_sample_8_model.cif       
Writing predicted structure to                                                  
/out/H2_msa_titration/seed_42/H2_msa_titration_seed_42_sample_9_model.cif       
Writing predicted structure to                                                  
/out/H2_msa_titration/seed_42/H2_msa_titration_seed_42_sample_10_model.cif      
Predicting query 'H2_msa_titration' with 2017 atom(s), 274 token(s), 2 chain(s),
120 MSA(s) (0 paired), 0 template(s)                                            
Seed set to 43
Writing predicted structure to                                                  
/out/H2_msa_titration/seed_43/H2_msa_titration_seed_43_sample_1_model.cif       
Writing predicted structure to                                                  
/out/H2_msa_titration/seed_43/H2_msa_titration_seed_43_sample_2_model.cif       
Writing predicted structure to                                                  
/out/H2_msa_titration/seed_43/H2_msa_titration_seed_43_sample_3_model.cif       
Writing predicted structure to                                                  
/out/H2_msa_titration/seed_43/H2_msa_titration_seed_43_sample_4_model.cif       
Writing predicted structure to                                                  
/out/H2_msa_titration/seed_43/H2_msa_titration_seed_43_sample_5_model.cif       
Writing predicted structure to                                                  
/out/H2_msa_titration/seed_43/H2_msa_titration_seed_43_sample_6_model.cif       
Writing predicted structure to                                                  
/out/H2_msa_titration/seed_43/H2_msa_titration_seed_43_sample_7_model.cif       
Writing predicted structure to                                                  
/out/H2_msa_titration/seed_43/H2_msa_titration_seed_43_sample_8_model.cif       
Writing predicted structure to                                                  
/out/H2_msa_titration/seed_43/H2_msa_titration_seed_43_sample_9_model.cif       
Writing predicted structure to                                                  
/out/H2_msa_titration/seed_43/H2_msa_titration_seed_43_sample_10_model.cif      
Predicting query 'H2_msa_titration' with 2017 atom(s), 274 token(s), 2 chain(s),
120 MSA(s) (0 paired), 0 template(s)                                            
Seed set to 44
Writing predicted structure to                                                  
/out/H2_msa_titration/seed_44/H2_msa_titration_seed_44_sample_1_model.cif       
Writing predicted structure to                                                  
/out/H2_msa_titration/seed_44/H2_msa_titration_seed_44_sample_2_model.cif       
Writing predicted structure to                                                  
/out/H2_msa_titration/seed_44/H2_msa_titration_seed_44_sample_3_model.cif       
Writing predicted structure to                                                  
/out/H2_msa_titration/seed_44/H2_msa_titration_seed_44_sample_4_model.cif       
Writing predicted structure to                                                  
/out/H2_msa_titration/seed_44/H2_msa_titration_seed_44_sample_5_model.cif       
Writing predicted structure to                                                  
/out/H2_msa_titration/seed_44/H2_msa_titration_seed_44_sample_6_model.cif       
Writing predicted structure to                                                  
/out/H2_msa_titration/seed_44/H2_msa_titration_seed_44_sample_7_model.cif       
Writing predicted structure to                                                  
/out/H2_msa_titration/seed_44/H2_msa_titration_seed_44_sample_8_model.cif       
Writing predicted structure to                                                  
/out/H2_msa_titration/seed_44/H2_msa_titration_seed_44_sample_9_model.cif       
Writing predicted structure to                                                  
/out/H2_msa_titration/seed_44/H2_msa_titration_seed_44_sample_10_model.cif      
Predicting query 'H2_msa_titration' with 2017 atom(s), 274 token(s), 2 chain(s),
120 MSA(s) (0 paired), 0 template(s)                                            
Seed set to 45
Writing predicted structure to                                                  
/out/H2_msa_titration/seed_45/H2_msa_titration_seed_45_sample_1_model.cif       
Writing predicted structure to                                                  
/out/H2_msa_titration/seed_45/H2_msa_titration_seed_45_sample_2_model.cif       
Writing predicted structure to                                                  
/out/H2_msa_titration/seed_45/H2_msa_titration_seed_45_sample_3_model.cif       
Writing predicted structure to                                                  
/out/H2_msa_titration/seed_45/H2_msa_titration_seed_45_sample_4_model.cif       
Writing predicted structure to                                                  
/out/H2_msa_titration/seed_45/H2_msa_titration_seed_45_sample_5_model.cif       
Writing predicted structure to                                                  
/out/H2_msa_titration/seed_45/H2_msa_titration_seed_45_sample_6_model.cif       
Writing predicted structure to                                                  
/out/H2_msa_titration/seed_45/H2_msa_titration_seed_45_sample_7_model.cif       
Writing predicted structure to                                                  
/out/H2_msa_titration/seed_45/H2_msa_titration_seed_45_sample_8_model.cif       
Writing predicted structure to                                                  
/out/H2_msa_titration/seed_45/H2_msa_titration_seed_45_sample_9_model.cif       
Writing predicted structure to                                                  
/out/H2_msa_titration/seed_45/H2_msa_titration_seed_45_sample_10_model.cif      
Predicting query 'H2_msa_titration' with 2017 atom(s), 274 token(s), 2 chain(s),
120 MSA(s) (0 paired), 0 template(s)                                            
Seed set to 46
Writing predicted structure to                                                  
/out/H2_msa_titration/seed_46/H2_msa_titration_seed_46_sample_1_model.cif       
Writing predicted structure to                                                  
/out/H2_msa_titration/seed_46/H2_msa_titration_seed_46_sample_2_model.cif       
Writing predicted structure to                                                  
/out/H2_msa_titration/seed_46/H2_msa_titration_seed_46_sample_3_model.cif       
Writing predicted structure to                                                  
/out/H2_msa_titration/seed_46/H2_msa_titration_seed_46_sample_4_model.cif       
Writing predicted structure to                                                  
/out/H2_msa_titration/seed_46/H2_msa_titration_seed_46_sample_5_model.cif       
Writing predicted structure to                                                  
/out/H2_msa_titration/seed_46/H2_msa_titration_seed_46_sample_6_model.cif       
Writing predicted structure to                                                  
/out/H2_msa_titration/seed_46/H2_msa_titration_seed_46_sample_7_model.cif       
Writing predicted structure to                                                  
/out/H2_msa_titration/seed_46/H2_msa_titration_seed_46_sample_8_model.cif       
Writing predicted structure to                                                  
/out/H2_msa_titration/seed_46/H2_msa_titration_seed_46_sample_9_model.cif       
Writing predicted structure to                                                  
/out/H2_msa_titration/seed_46/H2_msa_titration_seed_46_sample_10_model.cif      
Prediction summary: 5/5 queries succeeded (0 failed)                            
Predicting ━━━━━━━━━━━━━━━━━━━━━━━━━━━━━━━━━━━━ 5/5 0:00:55 • 0:00:00 0.10it/s 
/app/.pixi/envs/openfold3-image/lib/python3.11/tempfile.py:934: ResourceWarning: Implicitly cleaning up <TemporaryDirectory '/tmp/apheris-openfold3-msas-r573gj5p'>
  _warnings.warn(warn_message, ResourceWarning)
   done 13:51:55Z  -> /home/lyceum/h2/out/depth_128
-- depth 32  (13:51:55Z)
┌──────────────────────────────────────────────────────────────────────────────┐
│                         APHERIS OpenFold3 Prediction                         │
│                      Run OpenFold3 prediction pipeline                       │
└──────────────────────────────────────────────────────────────────────────────┘
Set OpenFold3 flavor to of3ob based on weights file                             
/app/weights/of3-ob-2025-06-30-174k.pt                                          
df: /tmp/.triton: No such file or directory
/app/.pixi/envs/openfold3-image/lib/python3.11/site-packages/torch/jit/_script.py:1488: DeprecationWarning: `torch.jit.script` is deprecated. Please switch to `torch.compile` or `torch.export`.
  warnings.warn(
Reading input queries                                                           
Paired 1/2 entities with an MSA for query 'H2_msa_titration'                    
Read 1 queries from /in/query.json                                              
Reading config                                                                  
Seed set to 42
Creating data module                                                            
Seed set to 42
Creating inference module                                                       
Creating trainer                                                                
GPU available: True (cuda), used: True
TPU available: False, using: 0 TPU cores
Seed set to 42
Loading weights                                                                 
Seed set to 42
Run prediction                                                                  
LOCAL_RANK: 0 - CUDA_VISIBLE_DEVICES: [0]
Seeding DataModule DatasetMode.prediction generator with 42                     
/app/.pixi/envs/openfold3-image/lib/python3.11/site-packages/pytorch_lightning/utilities/_pytree.py:21: `isinstance(treespec, LeafSpec)` is deprecated, use `isinstance(treespec, TreeSpec) and treespec.is_leaf()` instead.
/app/.pixi/envs/openfold3-image/lib/python3.11/site-packages/pytorch_lightning/trainer/connectors/data_connector.py:434: The 'predict_dataloader' does not have many workers which may be a bottleneck. Consider increasing the value of the `num_workers` argument` to `num_workers=15` in the `DataLoader` to improve performance.
Predicting query 'H2_msa_titration' with 2017 atom(s), 274 token(s), 2 chain(s),
27 MSA(s) (0 paired), 0 template(s)                                             
Seed set to 42
Tuning chunk size...                                                            
Tuning chunk size...                                                            
Tuning chunk size...                                                            
Tuning chunk size...                                                            
Writing predicted structure to                                                  
/out/H2_msa_titration/seed_42/H2_msa_titration_seed_42_sample_1_model.cif       
Writing predicted structure to                                                  
/out/H2_msa_titration/seed_42/H2_msa_titration_seed_42_sample_2_model.cif       
Writing predicted structure to                                                  
/out/H2_msa_titration/seed_42/H2_msa_titration_seed_42_sample_3_model.cif       
Writing predicted structure to                                                  
/out/H2_msa_titration/seed_42/H2_msa_titration_seed_42_sample_4_model.cif       
Writing predicted structure to                                                  
/out/H2_msa_titration/seed_42/H2_msa_titration_seed_42_sample_5_model.cif       
Writing predicted structure to                                                  
/out/H2_msa_titration/seed_42/H2_msa_titration_seed_42_sample_6_model.cif       
Writing predicted structure to                                                  
/out/H2_msa_titration/seed_42/H2_msa_titration_seed_42_sample_7_model.cif       
Writing predicted structure to                                                  
/out/H2_msa_titration/seed_42/H2_msa_titration_seed_42_sample_8_model.cif       
Writing predicted structure to                                                  
/out/H2_msa_titration/seed_42/H2_msa_titration_seed_42_sample_9_model.cif       
Writing predicted structure to                                                  
/out/H2_msa_titration/seed_42/H2_msa_titration_seed_42_sample_10_model.cif      
Predicting query 'H2_msa_titration' with 2017 atom(s), 274 token(s), 2 chain(s),
27 MSA(s) (0 paired), 0 template(s)                                             
Seed set to 43
Writing predicted structure to                                                  
/out/H2_msa_titration/seed_43/H2_msa_titration_seed_43_sample_1_model.cif       
Writing predicted structure to                                                  
/out/H2_msa_titration/seed_43/H2_msa_titration_seed_43_sample_2_model.cif       
Writing predicted structure to                                                  
/out/H2_msa_titration/seed_43/H2_msa_titration_seed_43_sample_3_model.cif       
Writing predicted structure to                                                  
/out/H2_msa_titration/seed_43/H2_msa_titration_seed_43_sample_4_model.cif       
Writing predicted structure to                                                  
/out/H2_msa_titration/seed_43/H2_msa_titration_seed_43_sample_5_model.cif       
Writing predicted structure to                                                  
/out/H2_msa_titration/seed_43/H2_msa_titration_seed_43_sample_6_model.cif       
Writing predicted structure to                                                  
/out/H2_msa_titration/seed_43/H2_msa_titration_seed_43_sample_7_model.cif       
Writing predicted structure to                                                  
/out/H2_msa_titration/seed_43/H2_msa_titration_seed_43_sample_8_model.cif       
Writing predicted structure to                                                  
/out/H2_msa_titration/seed_43/H2_msa_titration_seed_43_sample_9_model.cif       
Writing predicted structure to                                                  
/out/H2_msa_titration/seed_43/H2_msa_titration_seed_43_sample_10_model.cif      
Predicting query 'H2_msa_titration' with 2017 atom(s), 274 token(s), 2 chain(s),
27 MSA(s) (0 paired), 0 template(s)                                             
Seed set to 44
Writing predicted structure to                                                  
/out/H2_msa_titration/seed_44/H2_msa_titration_seed_44_sample_1_model.cif       
Writing predicted structure to                                                  
/out/H2_msa_titration/seed_44/H2_msa_titration_seed_44_sample_2_model.cif       
Writing predicted structure to                                                  
/out/H2_msa_titration/seed_44/H2_msa_titration_seed_44_sample_3_model.cif       
Writing predicted structure to                                                  
/out/H2_msa_titration/seed_44/H2_msa_titration_seed_44_sample_4_model.cif       
Writing predicted structure to                                                  
/out/H2_msa_titration/seed_44/H2_msa_titration_seed_44_sample_5_model.cif       
Writing predicted structure to                                                  
/out/H2_msa_titration/seed_44/H2_msa_titration_seed_44_sample_6_model.cif       
Writing predicted structure to                                                  
/out/H2_msa_titration/seed_44/H2_msa_titration_seed_44_sample_7_model.cif       
Writing predicted structure to                                                  
/out/H2_msa_titration/seed_44/H2_msa_titration_seed_44_sample_8_model.cif       
Writing predicted structure to                                                  
/out/H2_msa_titration/seed_44/H2_msa_titration_seed_44_sample_9_model.cif       
Writing predicted structure to                                                  
/out/H2_msa_titration/seed_44/H2_msa_titration_seed_44_sample_10_model.cif      
Predicting query 'H2_msa_titration' with 2017 atom(s), 274 token(s), 2 chain(s),
27 MSA(s) (0 paired), 0 template(s)                                             
Seed set to 45
Writing predicted structure to                                                  
/out/H2_msa_titration/seed_45/H2_msa_titration_seed_45_sample_1_model.cif       
Writing predicted structure to                                                  
/out/H2_msa_titration/seed_45/H2_msa_titration_seed_45_sample_2_model.cif       
Writing predicted structure to                                                  
/out/H2_msa_titration/seed_45/H2_msa_titration_seed_45_sample_3_model.cif       
Writing predicted structure to                                                  
/out/H2_msa_titration/seed_45/H2_msa_titration_seed_45_sample_4_model.cif       
Writing predicted structure to                                                  
/out/H2_msa_titration/seed_45/H2_msa_titration_seed_45_sample_5_model.cif       
Writing predicted structure to                                                  
/out/H2_msa_titration/seed_45/H2_msa_titration_seed_45_sample_6_model.cif       
Writing predicted structure to                                                  
/out/H2_msa_titration/seed_45/H2_msa_titration_seed_45_sample_7_model.cif       
Writing predicted structure to                                                  
/out/H2_msa_titration/seed_45/H2_msa_titration_seed_45_sample_8_model.cif       
Writing predicted structure to                                                  
/out/H2_msa_titration/seed_45/H2_msa_titration_seed_45_sample_9_model.cif       
Writing predicted structure to                                                  
/out/H2_msa_titration/seed_45/H2_msa_titration_seed_45_sample_10_model.cif      
Predicting query 'H2_msa_titration' with 2017 atom(s), 274 token(s), 2 chain(s),
27 MSA(s) (0 paired), 0 template(s)                                             
Seed set to 46
Writing predicted structure to                                                  
/out/H2_msa_titration/seed_46/H2_msa_titration_seed_46_sample_1_model.cif       
Writing predicted structure to                                                  
/out/H2_msa_titration/seed_46/H2_msa_titration_seed_46_sample_2_model.cif       
Writing predicted structure to                                                  
/out/H2_msa_titration/seed_46/H2_msa_titration_seed_46_sample_3_model.cif       
Writing predicted structure to                                                  
/out/H2_msa_titration/seed_46/H2_msa_titration_seed_46_sample_4_model.cif       
Writing predicted structure to                                                  
/out/H2_msa_titration/seed_46/H2_msa_titration_seed_46_sample_5_model.cif       
Writing predicted structure to                                                  
/out/H2_msa_titration/seed_46/H2_msa_titration_seed_46_sample_6_model.cif       
Writing predicted structure to                                                  
/out/H2_msa_titration/seed_46/H2_msa_titration_seed_46_sample_7_model.cif       
Writing predicted structure to                                                  
/out/H2_msa_titration/seed_46/H2_msa_titration_seed_46_sample_8_model.cif       
Writing predicted structure to                                                  
/out/H2_msa_titration/seed_46/H2_msa_titration_seed_46_sample_9_model.cif       
Writing predicted structure to                                                  
/out/H2_msa_titration/seed_46/H2_msa_titration_seed_46_sample_10_model.cif      
Prediction summary: 5/5 queries succeeded (0 failed)                            
Predicting ━━━━━━━━━━━━━━━━━━━━━━━━━━━━━━━━━━━━ 5/5 0:00:55 • 0:00:00 0.10it/s 
/app/.pixi/envs/openfold3-image/lib/python3.11/tempfile.py:934: ResourceWarning: Implicitly cleaning up <TemporaryDirectory '/tmp/apheris-openfold3-msas-z83btkkw'>
  _warnings.warn(warn_message, ResourceWarning)
   done 13:53:06Z  -> /home/lyceum/h2/out/depth_32
-- depth 8  (13:53:06Z)
┌──────────────────────────────────────────────────────────────────────────────┐
│                         APHERIS OpenFold3 Prediction                         │
│                      Run OpenFold3 prediction pipeline                       │
└──────────────────────────────────────────────────────────────────────────────┘
Set OpenFold3 flavor to of3ob based on weights file                             
/app/weights/of3-ob-2025-06-30-174k.pt                                          
df: /tmp/.triton: No such file or directory
/app/.pixi/envs/openfold3-image/lib/python3.11/site-packages/torch/jit/_script.py:1488: DeprecationWarning: `torch.jit.script` is deprecated. Please switch to `torch.compile` or `torch.export`.
  warnings.warn(
Reading input queries                                                           
Paired 1/2 entities with an MSA for query 'H2_msa_titration'                    
Read 1 queries from /in/query.json                                              
Reading config                                                                  
Seed set to 42
Creating data module                                                            
Seed set to 42
Creating inference module                                                       
Creating trainer                                                                
GPU available: True (cuda), used: True
TPU available: False, using: 0 TPU cores
Seed set to 42
Loading weights                                                                 
Seed set to 42
Run prediction                                                                  
LOCAL_RANK: 0 - CUDA_VISIBLE_DEVICES: [0]
Seeding DataModule DatasetMode.prediction generator with 42                     
/app/.pixi/envs/openfold3-image/lib/python3.11/site-packages/pytorch_lightning/utilities/_pytree.py:21: `isinstance(treespec, LeafSpec)` is deprecated, use `isinstance(treespec, TreeSpec) and treespec.is_leaf()` instead.
/app/.pixi/envs/openfold3-image/lib/python3.11/site-packages/pytorch_lightning/trainer/connectors/data_connector.py:434: The 'predict_dataloader' does not have many workers which may be a bottleneck. Consider increasing the value of the `num_workers` argument` to `num_workers=15` in the `DataLoader` to improve performance.
Predicting query 'H2_msa_titration' with 2017 atom(s), 274 token(s), 2 chain(s),
7 MSA(s) (0 paired), 0 template(s)                                              
Seed set to 42
Tuning chunk size...                                                            
Tuning chunk size...                                                            
Tuning chunk size...                                                            
Tuning chunk size...                                                            
Writing predicted structure to                                                  
/out/H2_msa_titration/seed_42/H2_msa_titration_seed_42_sample_1_model.cif       
Writing predicted structure to                                                  
/out/H2_msa_titration/seed_42/H2_msa_titration_seed_42_sample_2_model.cif       
Writing predicted structure to                                                  
/out/H2_msa_titration/seed_42/H2_msa_titration_seed_42_sample_3_model.cif       
Writing predicted structure to                                                  
/out/H2_msa_titration/seed_42/H2_msa_titration_seed_42_sample_4_model.cif       
Writing predicted structure to                                                  
/out/H2_msa_titration/seed_42/H2_msa_titration_seed_42_sample_5_model.cif       
Writing predicted structure to                                                  
/out/H2_msa_titration/seed_42/H2_msa_titration_seed_42_sample_6_model.cif       
Writing predicted structure to                                                  
/out/H2_msa_titration/seed_42/H2_msa_titration_seed_42_sample_7_model.cif       
Writing predicted structure to                                                  
/out/H2_msa_titration/seed_42/H2_msa_titration_seed_42_sample_8_model.cif       
Writing predicted structure to                                                  
/out/H2_msa_titration/seed_42/H2_msa_titration_seed_42_sample_9_model.cif       
Writing predicted structure to                                                  
/out/H2_msa_titration/seed_42/H2_msa_titration_seed_42_sample_10_model.cif      
Predicting query 'H2_msa_titration' with 2017 atom(s), 274 token(s), 2 chain(s),
7 MSA(s) (0 paired), 0 template(s)                                              
Seed set to 43
Writing predicted structure to                                                  
/out/H2_msa_titration/seed_43/H2_msa_titration_seed_43_sample_1_model.cif       
Writing predicted structure to                                                  
/out/H2_msa_titration/seed_43/H2_msa_titration_seed_43_sample_2_model.cif       
Writing predicted structure to                                                  
/out/H2_msa_titration/seed_43/H2_msa_titration_seed_43_sample_3_model.cif       
Writing predicted structure to                                                  
/out/H2_msa_titration/seed_43/H2_msa_titration_seed_43_sample_4_model.cif       
Writing predicted structure to                                                  
/out/H2_msa_titration/seed_43/H2_msa_titration_seed_43_sample_5_model.cif       
Writing predicted structure to                                                  
/out/H2_msa_titration/seed_43/H2_msa_titration_seed_43_sample_6_model.cif       
Writing predicted structure to                                                  
/out/H2_msa_titration/seed_43/H2_msa_titration_seed_43_sample_7_model.cif       
Writing predicted structure to                                                  
/out/H2_msa_titration/seed_43/H2_msa_titration_seed_43_sample_8_model.cif       
Writing predicted structure to                                                  
/out/H2_msa_titration/seed_43/H2_msa_titration_seed_43_sample_9_model.cif       
Writing predicted structure to                                                  
/out/H2_msa_titration/seed_43/H2_msa_titration_seed_43_sample_10_model.cif      
Predicting query 'H2_msa_titration' with 2017 atom(s), 274 token(s), 2 chain(s),
7 MSA(s) (0 paired), 0 template(s)                                              
Seed set to 44
Writing predicted structure to                                                  
/out/H2_msa_titration/seed_44/H2_msa_titration_seed_44_sample_1_model.cif       
Writing predicted structure to                                                  
/out/H2_msa_titration/seed_44/H2_msa_titration_seed_44_sample_2_model.cif       
Writing predicted structure to                                                  
/out/H2_msa_titration/seed_44/H2_msa_titration_seed_44_sample_3_model.cif       
Writing predicted structure to                                                  
/out/H2_msa_titration/seed_44/H2_msa_titration_seed_44_sample_4_model.cif       
Writing predicted structure to                                                  
/out/H2_msa_titration/seed_44/H2_msa_titration_seed_44_sample_5_model.cif       
Writing predicted structure to                                                  
/out/H2_msa_titration/seed_44/H2_msa_titration_seed_44_sample_6_model.cif       
Writing predicted structure to                                                  
/out/H2_msa_titration/seed_44/H2_msa_titration_seed_44_sample_7_model.cif       
Writing predicted structure to                                                  
/out/H2_msa_titration/seed_44/H2_msa_titration_seed_44_sample_8_model.cif       
Writing predicted structure to                                                  
/out/H2_msa_titration/seed_44/H2_msa_titration_seed_44_sample_9_model.cif       
Writing predicted structure to                                                  
/out/H2_msa_titration/seed_44/H2_msa_titration_seed_44_sample_10_model.cif      
Predicting query 'H2_msa_titration' with 2017 atom(s), 274 token(s), 2 chain(s),
7 MSA(s) (0 paired), 0 template(s)                                              
Seed set to 45
Writing predicted structure to                                                  
/out/H2_msa_titration/seed_45/H2_msa_titration_seed_45_sample_1_model.cif       
Writing predicted structure to                                                  
/out/H2_msa_titration/seed_45/H2_msa_titration_seed_45_sample_2_model.cif       
Writing predicted structure to                                                  
/out/H2_msa_titration/seed_45/H2_msa_titration_seed_45_sample_3_model.cif       
Writing predicted structure to                                                  
/out/H2_msa_titration/seed_45/H2_msa_titration_seed_45_sample_4_model.cif       
Writing predicted structure to                                                  
/out/H2_msa_titration/seed_45/H2_msa_titration_seed_45_sample_5_model.cif       
Writing predicted structure to                                                  
/out/H2_msa_titration/seed_45/H2_msa_titration_seed_45_sample_6_model.cif       
Writing predicted structure to                                                  
/out/H2_msa_titration/seed_45/H2_msa_titration_seed_45_sample_7_model.cif       
Writing predicted structure to                                                  
/out/H2_msa_titration/seed_45/H2_msa_titration_seed_45_sample_8_model.cif       
Writing predicted structure to                                                  
/out/H2_msa_titration/seed_45/H2_msa_titration_seed_45_sample_9_model.cif       
Writing predicted structure to                                                  
/out/H2_msa_titration/seed_45/H2_msa_titration_seed_45_sample_10_model.cif      
Predicting query 'H2_msa_titration' with 2017 atom(s), 274 token(s), 2 chain(s),
7 MSA(s) (0 paired), 0 template(s)                                              
Seed set to 46
Writing predicted structure to                                                  
/out/H2_msa_titration/seed_46/H2_msa_titration_seed_46_sample_1_model.cif       
Writing predicted structure to                                                  
/out/H2_msa_titration/seed_46/H2_msa_titration_seed_46_sample_2_model.cif       
Writing predicted structure to                                                  
/out/H2_msa_titration/seed_46/H2_msa_titration_seed_46_sample_3_model.cif       
Writing predicted structure to                                                  
/out/H2_msa_titration/seed_46/H2_msa_titration_seed_46_sample_4_model.cif       
Writing predicted structure to                                                  
/out/H2_msa_titration/seed_46/H2_msa_titration_seed_46_sample_5_model.cif       
Writing predicted structure to                                                  
/out/H2_msa_titration/seed_46/H2_msa_titration_seed_46_sample_6_model.cif       
Writing predicted structure to                                                  
/out/H2_msa_titration/seed_46/H2_msa_titration_seed_46_sample_7_model.cif       
Writing predicted structure to                                                  
/out/H2_msa_titration/seed_46/H2_msa_titration_seed_46_sample_8_model.cif       
Writing predicted structure to                                                  
/out/H2_msa_titration/seed_46/H2_msa_titration_seed_46_sample_9_model.cif       
Writing predicted structure to                                                  
/out/H2_msa_titration/seed_46/H2_msa_titration_seed_46_sample_10_model.cif      
Prediction summary: 5/5 queries succeeded (0 failed)                            
Predicting ━━━━━━━━━━━━━━━━━━━━━━━━━━━━━━━━━━━━ 5/5 0:00:54 • 0:00:00 0.10it/s 
/app/.pixi/envs/openfold3-image/lib/python3.11/tempfile.py:934: ResourceWarning: Implicitly cleaning up <TemporaryDirectory '/tmp/apheris-openfold3-msas-64ci8ht5'>
  _warnings.warn(warn_message, ResourceWarning)
   done 13:54:17Z  -> /home/lyceum/h2/out/depth_8

all depths complete. Structures:
200

next:  python3 score_titration.py --work /home/lyceum/h2 --kit /path/to/apheris_kit_rorgamma
